// Vitest Snapshot v1, https://vitest.dev/guide/snapshot.html

exports[`App > first render 1`] = `"<div class=\\"flex flex-col min-h-screen max-h-screen max-w-screen  min-w-full overflow-y-hidden bg-neutral-50 dark:bg-gray-600\\"><header class=\\"flex items-center justify-between px-4 py-2 bg-neutral-100 dark:bg-gray-800 flex items-center justify-between p-6\\"><p class=\\"flex items-center gap-2\\"><svg class=\\"w-6 h-6 text-gray-800 dark:text-gray-200\\" xmlns=\\"http://www.w3.org/2000/svg\\" width=\\"24\\" height=\\"24\\" viewBox=\\"0 0 24 24\\" fill=\\"none\\" stroke=\\"currentColor\\" stroke-width=\\"2\\" stroke-linecap=\\"round\\" stroke-linejoin=\\"round\\"><title>home icon</title><path d=\\"m3 9 9-7 9 7v11a2 2 0 0 1-2 2H5a2 2 0 0 1-2-2z\\"></path><polyline points=\\"9 22 9 12 15 12 15 22\\"></polyline></svg><span class=\\"text-lg font-semibold text-gray-800 dark:text-gray-200\\">Self-HR</span></p><nav class=\\"flex items-center gap-4\\"><p class=\\"text-sm font-medium text-gray-800 hover:underline dark:text-gray-200\\">Attendance</p><button class=\\"inline-flex items-center justify-center whitespace-nowrap text-sm font-medium ring-offset-background transition-colors focus-visible:outline-none focus-visible:ring-2 focus-visible:ring-ring focus-visible:ring-offset-2 disabled:pointer-events-none disabled:opacity-50 h-10 bg-blue-500 hover:bg-blue-600 text-white py-2 px-4 rounded-md\\">Get Started</button></nav></header><main class=\\"flex-1 p-6\\"><div>main content<div></div></div></main></div>"`;
